(?:AP)(?:AR)?T(?:ME?NT)? => APT
(?:DEP)(?:AR)?T(?:ME?NT)? => DEPT
BA?SE?ME?N?T => BSMT
BOX => BOX
BU?I?LDI?N?G => BLDG
FLO*R? => FL
FRO?NT => FRNT
HA?NGA?R => HNGR
KEY => KEY
LO?BBY => LBBY
LO?T => LOT
LOWE?R => LOWR
OFF?I?CE? => OFC
PE?N?T?HO?U?S?E? => PH
PIER => PIER
REAR => REAR
RO*M => RM
SIDE => SIDE
SLIP => SLIP
SPA?CE? => SPACE
STOP => STOP
SU?I?TE => STE
TRA?I?LE?R => TRLR
UNI?T => UNIT
UPPE?R => UPPR
