
                    (?:
                        (?<CITY>[^\d,]+)\W+
                        (?<STATE>\b(?:FEDERATED\ STATES\ OF\ MICRONESIA|NORTHERN\ MARIANA\ ISLANDS|DISTRICT\ OF\ COLUMBIA|MARSHALL\ ISLANDS|AMERICAN\ SAMOA|NORTH\ CAROLINA|SOUTH\ CAROLINA|VIRGIN\ ISLANDS|NEW\ HAMPSHIRE|WEST\ VIRGINIA|MASSACHUSETTS|NORTH\ DAKOTA|RHODE\ ISLAND|SOUTH\ DAKOTA|PENNSYLVANIA|PUERTO\ RICO|CONNECTICUT|MISSISSIPPI|NEW\ JERSEY|NEW\ MEXICO|CALIFORNIA|WASHINGTON|LOUISIANA|MINNESOTA|NEW\ YORK|TENNESSEE|WISCONSIN|ARKANSAS|COLORADO|DELAWARE|ILLINOIS|KENTUCKY|MARYLAND|MICHIGAN|MISSOURI|NEBRASKA|OKLAHOMA|VIRGINIA|ALABAMA|ARIZONA|FLORIDA|GEORGIA|INDIANA|MONTANA|VERMONT|WYOMING|ALASKA|HAWAII|KANSAS|NEVADA|N\.Y\.|OREGON|IDAHO|MAINE|PALAU|TEXAS|GUAM|IOWA|OHIO|UTAH|AL|AK|AS|AZ|AR|CA|CO|CT|DE|DC|FM|FL|GA|GU|HI|ID|IL|IN|IA|KS|KY|LA|ME|MH|MD|MA|MI|MN|MS|MO|MT|NE|NV|NH|NJ|NM|NY|NC|ND|MP|OH|OK|OR|PW|PA|PR|RI|SC|SD|TN|TX|UT|VT|VI|VA|WA|WV|WI|WY)\b?)
                    )
                