(?<SECONDARYUNIT>(?:DEP)(?:AR)?T(?:ME?NT)?|(?:AP)(?:AR)?T(?:ME?NT)?|BU?I?LDI?N?G|TRA?I?LE?R|HA?NGA?R|SU?I?TE|SPA?CE?|FLO*R?|UNI?T|RO*M|LO?T|PIER|SLIP|STOP|KEY|BOX)(?![a-z])