EAST => E
NORTH => N
NORTHEAST => NE
NORTHWEST => NW
SOUTH => S
SOUTHEAST => SE
SOUTHWEST => SW
WEST => W
