NORTHEAST|SOUTHEAST|SOUTHWEST|NORTHWEST|N\.E\.|S\.E\.|S\.W\.|N\.W\.|NORTH|SOUTH|EAST|WEST|N\.|E\.|S\.|W\.|NE|SE|SW|NW|N|E|S|W