Match[0] = { Text = 9999 RIVERSIDE DR WEST #8B, Match =  }
Match[1] = { Text = 9999 RIVERSIDE DR WEST SIDE LEFT, Match = SIDE }
