\b(?<SECONDARYUNIT>PE?N?T?HO?U?S?E?|BA?SE?ME?N?T|OFF?I?CE?|FRO?NT|LO?BBY|LOWE?R|UPPE?R|REAR|SIDE)\b